2ip.io
crimelondon.com
iphonerostov.com
kino.pub
www.kino.pub
sephora.fr
www.sephora.fr
2sub-tv.space
artsphere.fr
davidwilliambaum.com
github.com
kinopub.online
iptv.online
cdn4t.xyz
smarttv.zeasn.tv
pushbr.com
m.pushbr.com
media.service-kp.com
api.alador.space
i0.wp.com
cdn2site.com
digital-cdn.net
cdn2cdn.com
api.srvkp.com
api.ios-kp.store
cdn-service.space
smarttvcdn.online
themoviedb.org
proxykp.xyz
mycdn.video
teleos.club
cdntogo.net
cdn32.lol
flexcdn.cloud
ahc.ovh
gfw.ovh
kpdl.link
mos-gorsud.co
3b92cc61-de74-40bc-aa1b-8e320c15508b.ams-static-14.cdntogo.net
3ca02ace-9c82-11eb-9ce3-04d4c439219f.ams-static-03.cdntogo.net
86feaca6-c052-436f-8b78-99cea0ec1571.ams-static-02.cdntogo.net
airtable.com
account.apple.com
appleid.cdn-apple.com
idmsa.apple.com
gsa.apple.com
icloud.com
icloud.apple.com
icloud-content.com
apple-cloudkit.com
cdn-apple.com
apple-livephotoskit.com
gc.apple.com
iwork.apple.com
itunes.apple.com
apps.apple.com
mzstatic.com
push.apple.com
setup.icloud.com
probe.icloud.com
pong.icloud.com
metrics.icloud.com
guzzoni.apple.com
smoot.apple.com
updates.cdn-apple.com
hts-hubs.prod.ajax.systems
hts-hub.prod.ajax.systems
hubs-logs.prod.ajax.systems
hub-gw.prod.ajax.systems
zerkalo.xyz
